[2m2026-01-08T18:34:07.673550Z[0m [32m INFO[0m [2mriemann_solver[0m[2m:[0m Loading Riemann zeros from ../data/zeros1_100k.txt
[2m2026-01-08T18:34:07.679688Z[0m [32m INFO[0m [2mriemann_solver[0m[2m:[0m Loaded 100000 Riemann zeros
[2m2026-01-08T18:34:07.679694Z[0m [32m INFO[0m [2mriemann_solver[0m[2m:[0m Unfolding zeros using N(T) counting function...

=== Riemann Zeta Zeros Analysis ===
Montgomery-Odlyzko Phenomenon: Zeros match GUE statistics

Data source: ../data/zeros1_100k.txt
Number of zeros: 100000
Number of spacings: 99999

Range: γ_1 = 14.134725 to γ_100000 = 74920.827499

--- Unfolding via N(T) = (T/2π)log(T/2π) - T/2π + 7/8 ---
Unfolded range: 0.449 to 99999.405

--- Spacing Statistics ---
Mean spacing: 1.000000 (expected: 1.0)
Variance: 0.160745 (GUE theory: 0.178)
Skewness: 0.480555
Kurtosis: 0.139740

--- Kolmogorov-Smirnov Test vs Wigner Surmise ---
KS statistic D: 0.086599
p-value: 0.000000
⚠ MARGINAL: Weak evidence against GUE (p < 0.05)

--- Spectral Rigidity (L=10) ---
Number variance Σ²(L):
  Observed: 0.521000
  GUE prediction: 0.839033
  Ratio: 0.621

Dyson-Mehta Δ₃(L):
  Observed: 0.369926
  GUE prediction: 0.412517
  Ratio: 0.897

✓ Zeros unfolded to mean spacing ≈ 1
✓ Statistical validation complete
✓ Spectral rigidity demonstrates long-range GUE correlations

Conclusion: Riemann zeros exhibit GUE spacing statistics
(Montgomery-Odlyzko phenomenon reproduced with our pipeline)

✓ Results written to ../results/zeros_100k_full.json
